// Jest Snapshot v1, https://goo.gl/fbAQLP

exports[`<WaveEffect /> should not render wave effect 1`] = `
<DocumentFragment>
  <div
    overflow="hidden"
    position="relative"
    webkittaphighlightcolor="transparent"
  >
    Wave Effect
  </div>
</DocumentFragment>
`;

exports[`<WaveEffect /> should render wave effect 1`] = `
<DocumentFragment>
  .c0 {
  left: 0;
  top: 0;
}

.c1 {
  background: radial-gradient(rgba(241,245,247,0.2) 0,rgba(241,245,247,0.3) 40%,rgba(241,245,247,0.4) 50%,rgba(241,245,247,0.5) 60%,rgba(241,245,247,0) 70%);
  border-radius: 50%;
  height: 100px;
  left: 0px;
  margin: -50px 0 0 -50px;
  opacity: .75;
  pointer-events: none;
  position: absolute;
  -webkit-transform: scale(0);
  -ms-transform: scale(0);
  transform: scale(0);
  top: 0px;
  width: 100px;
}

.c1.src-wave-effect-show {
  opacity: 0;
  -webkit-transform: scale(0);
  -ms-transform: scale(0);
  transform: scale(0);
}

.c1.src-wave-effect-show-active {
  opacity: .75;
  -webkit-transform: scale(0);
  -ms-transform: scale(0);
  transform: scale(0);
}

.c1.src-wave-effect-hide-active {
  opacity: 0;
}

.c1.src-wave-effect-show-active,
.c1.src-wave-effect-hide-active {
  -webkit-transition: ease-out 375ms;
  transition: ease-out 375ms;
  -webkit-transition-property: opacity,-webkit-transform;
  -webkit-transition-property: opacity,transform;
  transition-property: opacity,transform;
}

<div
    overflow="hidden"
    position="relative"
    webkittaphighlightcolor="transparent"
  >
    Wave Effect
    <div
      class="c0 c1"
      scale="0"
    />
  </div>
</DocumentFragment>
`;
