// Jest Snapshot v1, https://goo.gl/fbAQLP

exports[`<Link /> should match snapshot 1`] = `
<a
  class="sc-AxirZ sc-AxiKw fYjDiP  active "
  data-src-wave-effect="0"
  href="/"
  shape="default"
  tabindex="0"
>
  Button Link
</a>
`;
