// Jest Snapshot v1, https://goo.gl/fbAQLP

exports[`<Link /> should match snapshot 1`] = `
<ul>
  <li
    class="sc-AxirZ sc-AxiKw jUvwIs"
  >
    <a
      class="sc-AxjAm StDqN  active"
      href="/"
    >
      Pagination Link
    </a>
  </li>
</ul>
`;
