// Jest Snapshot v1, https://goo.gl/fbAQLP

exports[`<ClearButton /> should match snapshot 1`] = `
<div
  class="sc-AxjAm sc-AxirZ dSFjTy"
>
  <svg
    class="sc-AxiKw sc-AxhCb lnpmyP"
    viewBox="0 0 2048 1792"
  >
    <path
      d="M960 1408l336-384h-768l-336 384h768zm1013-1077q15 34 9.5 71.5t-30.5 65.5l-896 1024q-38 44-96 44h-768q-38 0-69.5-20.5t-47.5-54.5q-15-34-9.5-71.5t30.5-65.5l896-1024q38-44 96-44h768q38 0 69.5 20.5t47.5 54.5z"
    />
  </svg>
</div>
`;
