// Jest Snapshot v1, https://goo.gl/fbAQLP

exports[`<Alert /> should match snapshot 1`] = `
<div
  class="sc-AxjAm sc-AxiKw hELdDk"
  type="primary"
>
  Alert
</div>
`;
