// Jest Snapshot v1, https://goo.gl/fbAQLP

exports[`<Popover /> should not render component when status false 1`] = `
<DocumentFragment>
  <button>
    Button
  </button>
</DocumentFragment>
`;

exports[`<Popover /> should render component when status true 1`] = `
<DocumentFragment>
  <button>
    Button
  </button>
  .c7 {
  position: absolute;
  stroke-width: 20px;
}

.c7[data-src-position="1"],
.c7[data-src-position="2"] {
  height: 15px;
  width: 10px;
}

.c7[data-src-position="1"] path:last-child,
.c7[data-src-position="2"] path:last-child {
  display: none;
}

.c7[data-src-position="4"],
.c7[data-src-position="8"] {
  height: 10px;
  width: 15px;
}

.c7[data-src-position="4"] path:first-child,
.c7[data-src-position="8"] path:first-child {
  display: none;
}

.c7[data-src-position="1"],
.c7[data-src-position="8"] {
  -webkit-transform: rotate(180deg);
  -ms-transform: rotate(180deg);
  transform: rotate(180deg);
}

.c0 > .c2 {
  font-size: 1rem;
  padding: .5rem .75rem;
}

.c0 > .c4 {
  font-size: .875rem;
  padding: .7rem .8rem;
}

.c3 {
  box-sizing: border-box;
  margin: 0;
}

.c5 {
  box-sizing: border-box;
}

.c1 {
  box-sizing: border-box;
  color: #323a46;
  fill: #323a46;
  font-family: inherit;
  position: fixed;
  z-index: 1000;
}

.c1 .c4 {
  background: #fff;
  border: solid 1px #dbdbdb;
}

.c1 .c2 {
  background: #f1f5f7;
  border: solid 1px #BBCED8;
  color: #323a46;
  fill: #323a46;
}

.c1 .c2 ~ .c6[data-arrow-header="true"] {
  fill: #f1f5f7;
  stroke: #BBCED8;
}

.c1 .c2 + .c4 {
  border-top: 0;
}

.c1 .c6[data-arrow-header="false"] {
  fill: #fff;
  stroke: #dbdbdb;
}

.c1.src-popover-show-active,
.c1.src-popover-hide-active {
  -webkit-transition: 300ms 0s ease-in-out;
  transition: 300ms 0s ease-in-out;
  -webkit-transition-property: -webkit-transform,opacity;
  -webkit-transition-property: transform,opacity;
  transition-property: transform,opacity;
}

.c1.src-popover-show {
  opacity: 0;
}

.c1.src-popover-show[data-src-position="1"] {
  -webkit-transform: translateX(-30px);
  -ms-transform: translateX(-30px);
  transform: translateX(-30px);
}

.c1.src-popover-show[data-src-position="2"] {
  -webkit-transform: translateX(30px);
  -ms-transform: translateX(30px);
  transform: translateX(30px);
}

.c1.src-popover-show[data-src-position="4"] {
  -webkit-transform: translateY(-30px);
  -ms-transform: translateY(-30px);
  transform: translateY(-30px);
}

.c1.src-popover-show[data-src-position="8"] {
  -webkit-transform: translateY(-30px);
  -ms-transform: translateY(-30px);
  transform: translateY(-30px);
}

.c1.src-popover-show-active {
  opacity: 1;
}

.c1.src-popover-show-active[data-src-position="1"],
.c1.src-popover-show-active[data-src-position="2"] {
  -webkit-transform: translateX(0);
  -ms-transform: translateX(0);
  transform: translateX(0);
}

.c1.src-popover-show-active[data-src-position="4"],
.c1.src-popover-show-active[data-src-position="8"] {
  -webkit-transform: translateY(0);
  -ms-transform: translateY(0);
  transform: translateY(0);
}

.c1.src-popover-hide {
  opacity: 1;
}

.c1.src-popover-hide[data-src-position="1"],
.c1.src-popover-hide[data-src-position="2"] {
  -webkit-transform: translateX(0);
  -ms-transform: translateX(0);
  transform: translateX(0);
}

.c1.src-popover-hide[data-src-position="4"],
.c1.src-popover-hide[data-src-position="8"] {
  -webkit-transform: translateY(0);
  -ms-transform: translateY(0);
  transform: translateY(0);
}

.c1.src-popover-hide-active {
  opacity: 0;
}

.c1.src-popover-hide-active[data-src-position="1"] {
  -webkit-transform: translateX(-30px);
  -ms-transform: translateX(-30px);
  transform: translateX(-30px);
}

.c1.src-popover-hide-active[data-src-position="2"] {
  -webkit-transform: translateX(30px);
  -ms-transform: translateX(30px);
  transform: translateX(30px);
}

.c1.src-popover-hide-active[data-src-position="4"] {
  -webkit-transform: translateY(-30px);
  -ms-transform: translateY(-30px);
  transform: translateY(-30px);
}

.c1.src-popover-hide-active[data-src-position="8"] {
  -webkit-transform: translateY(-30px);
  -ms-transform: translateY(-30px);
  transform: translateY(-30px);
}

<div
    class="c0 c1"
    data-src-position="8"
    style="
      left: 0px;
      top: 10px;
    "
  >
    <h4
      class="c2 c3"
    >
      <div>
        Popover
      </div>
    </h4>
    <div
      class="c4 c5"
    >
      <span>
        Header
      </span>
    </div>
    <svg
      class="c6 c7"
      data-arrow-header="true"
      data-src-position="8"
      style="
      left: -7.5px;
      top: -9px;
    "
      viewBox="0 0 377.3 251.9"
    >
      <path
        d="M251.8,371.6c-17.4,5.9-37.2,2.6-50.4-8L16.3,215.3v-0.1c-18.1-14.5-18.1-38.1,0-52.6L201.4,14.2 c13.3-10.7,33.1-13.8,50.4-8"
      />
      <path
        d="M371,0c5.9,17.4,2.6,37.2-8,50.4L214.7,235.5h-0.1c-14.5,18.1-38.1,18.1-52.6,0L13.6,50.4 C2.9,37.1-0.2,17.3,5.6,0"
      />
    </svg>
  </div>
</DocumentFragment>
`;
