// Jest Snapshot v1, https://goo.gl/fbAQLP

exports[`<BadgeList /> should render component 1`] = `
<DocumentFragment>
  .c0 {
  margin: -.3125rem -.3125rem;
}

.c2 {
  margin: .3125rem .3125rem;
}

.c2 .c4 {
  font-size: .75rem;
  padding: .1875rem .375rem;
}

.c2 svg {
  height: .75rem;
  width: .75rem;
}

.c2 i {
  font-size: .75rem;
}

.c1 {
  -webkit-align-items: center;
  -webkit-box-align: center;
  -ms-flex-align: center;
  align-items: center;
  display: -webkit-inline-box;
  display: -webkit-inline-flex;
  display: -ms-inline-flexbox;
  display: inline-flex;
  -webkit-flex-wrap: wrap;
  -ms-flex-wrap: wrap;
  flex-wrap: wrap;
}

.c5 {
  border: solid 1px;
  -webkit-flex: 0 1 auto;
  -ms-flex: 0 1 auto;
  flex: 0 1 auto;
}

.c3 {
  display: -webkit-inline-box;
  display: -webkit-inline-flex;
  display: -ms-inline-flexbox;
  display: inline-flex;
  font-family: inherit;
  word-break: break-word;
  word-wrap: break-word;
}

.c3 .c4 {
  border-color: #0665d0;
  border-radius: .15rem;
}

.c3 .c4 {
  background: #0665d0;
  color: #fff;
  fill: #fff;
}

<div
    class="c0 c1"
  >
    <div
      class="c2 c3"
      shape="rectangle"
    >
      <div
        class="c4 c5"
      >
        Item 1
      </div>
    </div>
    <div
      class="c2 c3"
      shape="rectangle"
    >
      <div
        class="c4 c5"
      >
        Item 2
      </div>
    </div>
    <div
      class="c2 c3"
      shape="rectangle"
    >
      <div
        class="c4 c5"
      >
        Item 3
      </div>
    </div>
  </div>
</DocumentFragment>
`;
