// Jest Snapshot v1, https://goo.gl/fbAQLP

exports[`<Badge /> should render component 1`] = `
<DocumentFragment>
  .c0 {
  margin: .3125rem .3125rem;
}

.c0 .c4 {
  font-size: .75rem;
  padding: .1875rem .375rem;
  padding-left: 0.1875rem;
  padding-right: 0.1875rem;
}

.c0 .c2 {
  padding: 0 0.1875rem;
}

.c0 svg {
  height: .75rem;
  width: .75rem;
}

.c0 i {
  font-size: .75rem;
}

.c3 {
  -webkit-align-items: center;
  -webkit-box-align: center;
  -ms-flex-align: center;
  align-items: center;
  -webkit-align-self: stretch;
  -ms-flex-item-align: stretch;
  align-self: stretch;
  border: solid 1px;
  border-right: 0;
  border-color: #0553AC;
  border-radius: .15rem;
  border-bottom-right-radius: 0;
  border-top-right-radius: 0;
  display: -webkit-inline-box;
  display: -webkit-inline-flex;
  display: -ms-inline-flexbox;
  display: inline-flex;
  -webkit-flex: 0 0 auto;
  -ms-flex: 0 0 auto;
  flex: 0 0 auto;
  -webkit-box-pack: center;
  -webkit-justify-content: center;
  -ms-flex-pack: center;
  justify-content: center;
  background: #0553AC;
  color: #fff;
  fill: #fff;
}

.c6 {
  -webkit-align-items: center;
  -webkit-box-align: center;
  -ms-flex-align: center;
  align-items: center;
  -webkit-align-self: stretch;
  -ms-flex-item-align: stretch;
  align-self: stretch;
  border: solid 1px;
  border-left: 0;
  border-color: #0553AC;
  border-radius: .15rem;
  border-bottom-left-radius: 0;
  border-top-left-radius: 0;
  display: -webkit-inline-box;
  display: -webkit-inline-flex;
  display: -ms-inline-flexbox;
  display: inline-flex;
  -webkit-flex: 0 0 auto;
  -ms-flex: 0 0 auto;
  flex: 0 0 auto;
  -webkit-box-pack: center;
  -webkit-justify-content: center;
  -ms-flex-pack: center;
  justify-content: center;
  background: #0553AC;
  color: #fff;
  fill: #fff;
}

.c5 {
  border: solid 1px;
  -webkit-flex: 0 1 auto;
  -ms-flex: 0 1 auto;
  flex: 0 1 auto;
}

.c1 {
  display: -webkit-inline-box;
  display: -webkit-inline-flex;
  display: -ms-inline-flexbox;
  display: inline-flex;
  font-family: inherit;
  word-break: break-word;
  word-wrap: break-word;
}

.c1 .c4 {
  border-color: #0665d0;
  border-radius: .15rem;
}

.c1 .c4 {
  background: #0665d0;
  color: #fff;
  fill: #fff;
}

.c1 .c4 {
  border-left: 0;
  border-bottom-left-radius: 0;
  border-top-left-radius: 0;
  border-right: 0;
  border-bottom-right-radius: 0;
  border-top-right-radius: 0;
}

<div
    class="c0 c1"
    shape="rectangle"
  >
    <div
      class="c2  c3"
      shape="rectangle"
    >
      <svg />
    </div>
    <div
      class="c4 c5"
    >
      <span>
        Content
      </span>
    </div>
    <div
      class="c2  c6"
      shape="rectangle"
    >
      <svg />
    </div>
  </div>
</DocumentFragment>
`;
